// Jest Snapshot v1, https://goo.gl/fbAQLP

exports[`Snapshot 1`] = `
Object {
  "Outputs": Object {
    "CloudfrontDomainName": Object {
      "Value": Object {
        "Fn::Join": Array [
          "",
          Array [
            "https://",
            Object {
              "Fn::GetAtt": Array [
                "Cloudfront16B1DCDE",
                "DomainName",
              ],
            },
            "/data",
          ],
        ],
      },
    },
    "LambdaEdgeFuncArn": Object {
      "Value": Object {
        "Fn::GetAtt": Array [
          "LambdaFuncArnStackOutputs8B0E66A7",
          "LambdaFuncArn",
        ],
      },
    },
    "S3BucketName": Object {
      "Value": Object {
        "Ref": "Files8E6940B8",
      },
    },
  },
  "Parameters": Object {
    "AssetParameters2c69a84ad5ba4f49628de650335c28a39fff0fde765fe59c367947ead17fac13ArtifactHashC9446761": Object {
      "Description": "Artifact hash for asset \\"2c69a84ad5ba4f49628de650335c28a39fff0fde765fe59c367947ead17fac13\\"",
      "Type": "String",
    },
    "AssetParameters2c69a84ad5ba4f49628de650335c28a39fff0fde765fe59c367947ead17fac13S3Bucket62BDDDBC": Object {
      "Description": "S3 bucket for asset \\"2c69a84ad5ba4f49628de650335c28a39fff0fde765fe59c367947ead17fac13\\"",
      "Type": "String",
    },
    "AssetParameters2c69a84ad5ba4f49628de650335c28a39fff0fde765fe59c367947ead17fac13S3VersionKeyC2148767": Object {
      "Description": "S3 key for asset version \\"2c69a84ad5ba4f49628de650335c28a39fff0fde765fe59c367947ead17fac13\\"",
      "Type": "String",
    },
    "AssetParameters67b7823b74bc135986aa72f889d6a8da058d0c4a20cbc2dfc6f78995fdd2fc24ArtifactHashBA91B77F": Object {
      "Description": "Artifact hash for asset \\"67b7823b74bc135986aa72f889d6a8da058d0c4a20cbc2dfc6f78995fdd2fc24\\"",
      "Type": "String",
    },
    "AssetParameters67b7823b74bc135986aa72f889d6a8da058d0c4a20cbc2dfc6f78995fdd2fc24S3Bucket4D46ABB5": Object {
      "Description": "S3 bucket for asset \\"67b7823b74bc135986aa72f889d6a8da058d0c4a20cbc2dfc6f78995fdd2fc24\\"",
      "Type": "String",
    },
    "AssetParameters67b7823b74bc135986aa72f889d6a8da058d0c4a20cbc2dfc6f78995fdd2fc24S3VersionKeyB0F28861": Object {
      "Description": "S3 key for asset version \\"67b7823b74bc135986aa72f889d6a8da058d0c4a20cbc2dfc6f78995fdd2fc24\\"",
      "Type": "String",
    },
    "AssetParametersc691172cdeefa2c91b5a2907f9d81118e47597634943344795f1a844192dd49cArtifactHash627DAAA7": Object {
      "Description": "Artifact hash for asset \\"c691172cdeefa2c91b5a2907f9d81118e47597634943344795f1a844192dd49c\\"",
      "Type": "String",
    },
    "AssetParametersc691172cdeefa2c91b5a2907f9d81118e47597634943344795f1a844192dd49cS3BucketEAC9DD43": Object {
      "Description": "S3 bucket for asset \\"c691172cdeefa2c91b5a2907f9d81118e47597634943344795f1a844192dd49c\\"",
      "Type": "String",
    },
    "AssetParametersc691172cdeefa2c91b5a2907f9d81118e47597634943344795f1a844192dd49cS3VersionKeyDD9AE9E7": Object {
      "Description": "S3 key for asset version \\"c691172cdeefa2c91b5a2907f9d81118e47597634943344795f1a844192dd49c\\"",
      "Type": "String",
    },
    "AssetParametersc9ac4b3b65f3510a2088b7fd003de23d2aefac424025eb168725ce6769e3c176ArtifactHash4E343C6C": Object {
      "Description": "Artifact hash for asset \\"c9ac4b3b65f3510a2088b7fd003de23d2aefac424025eb168725ce6769e3c176\\"",
      "Type": "String",
    },
    "AssetParametersc9ac4b3b65f3510a2088b7fd003de23d2aefac424025eb168725ce6769e3c176S3Bucket77147E20": Object {
      "Description": "S3 bucket for asset \\"c9ac4b3b65f3510a2088b7fd003de23d2aefac424025eb168725ce6769e3c176\\"",
      "Type": "String",
    },
    "AssetParametersc9ac4b3b65f3510a2088b7fd003de23d2aefac424025eb168725ce6769e3c176S3VersionKey4253216F": Object {
      "Description": "S3 key for asset version \\"c9ac4b3b65f3510a2088b7fd003de23d2aefac424025eb168725ce6769e3c176\\"",
      "Type": "String",
    },
    "AssetParameterse9c249c07577b3ccb56e61f2502f80d4646efd500843843ccee4cad6c7851677ArtifactHashAEEDF0B6": Object {
      "Description": "Artifact hash for asset \\"e9c249c07577b3ccb56e61f2502f80d4646efd500843843ccee4cad6c7851677\\"",
      "Type": "String",
    },
    "AssetParameterse9c249c07577b3ccb56e61f2502f80d4646efd500843843ccee4cad6c7851677S3Bucket7CAFD242": Object {
      "Description": "S3 bucket for asset \\"e9c249c07577b3ccb56e61f2502f80d4646efd500843843ccee4cad6c7851677\\"",
      "Type": "String",
    },
    "AssetParameterse9c249c07577b3ccb56e61f2502f80d4646efd500843843ccee4cad6c7851677S3VersionKey57222459": Object {
      "Description": "S3 key for asset version \\"e9c249c07577b3ccb56e61f2502f80d4646efd500843843ccee4cad6c7851677\\"",
      "Type": "String",
    },
    "AssetParametersf670d054a68af5688e2e03152c9e3e49b0523cf459462779d80b59c1e04b67a6ArtifactHash09DD926F": Object {
      "Description": "Artifact hash for asset \\"f670d054a68af5688e2e03152c9e3e49b0523cf459462779d80b59c1e04b67a6\\"",
      "Type": "String",
    },
    "AssetParametersf670d054a68af5688e2e03152c9e3e49b0523cf459462779d80b59c1e04b67a6S3Bucket33BAB0E8": Object {
      "Description": "S3 bucket for asset \\"f670d054a68af5688e2e03152c9e3e49b0523cf459462779d80b59c1e04b67a6\\"",
      "Type": "String",
    },
    "AssetParametersf670d054a68af5688e2e03152c9e3e49b0523cf459462779d80b59c1e04b67a6S3VersionKey53DA2315": Object {
      "Description": "S3 key for asset version \\"f670d054a68af5688e2e03152c9e3e49b0523cf459462779d80b59c1e04b67a6\\"",
      "Type": "String",
    },
  },
  "Resources": Object {
    "Cloudfront16B1DCDE": Object {
      "Properties": Object {
        "DistributionConfig": Object {
          "Comment": "cloudfront-test",
          "DefaultCacheBehavior": Object {
            "CachePolicyId": "658327ea-f89d-4fab-a63d-7e88639e58f6",
            "Compress": true,
            "LambdaFunctionAssociations": Array [
              Object {
                "EventType": "viewer-request",
                "LambdaFunctionARN": Object {
                  "Fn::GetAtt": Array [
                    "LambdaFuncArnStackOutputs8B0E66A7",
                    "LambdaFuncArn",
                  ],
                },
              },
            ],
            "OriginRequestPolicyId": Object {
              "Ref": "OriginRequestPolicy3EFDB4FA",
            },
            "TargetOriginId": "CloudfrontStackCloudfrontOrigin14B479F93",
            "ViewerProtocolPolicy": "allow-all",
          },
          "Enabled": true,
          "HttpVersion": "http2",
          "IPV6Enabled": true,
          "Origins": Array [
            Object {
              "CustomOriginConfig": Object {
                "OriginProtocolPolicy": "http-only",
              },
              "DomainName": Object {
                "Fn::Select": Array [
                  2,
                  Object {
                    "Fn::Split": Array [
                      "/",
                      Object {
                        "Fn::GetAtt": Array [
                          "Files8E6940B8",
                          "WebsiteURL",
                        ],
                      },
                    ],
                  },
                ],
              },
              "Id": "CloudfrontStackCloudfrontOrigin14B479F93",
            },
          ],
        },
      },
      "Type": "AWS::CloudFront::Distribution",
    },
    "CustomCDKBucketDeployment8693BB64968944B69AAFB0CC9EB8756C81C01536": Object {
      "DependsOn": Array [
        "CustomCDKBucketDeployment8693BB64968944B69AAFB0CC9EB8756CServiceRoleDefaultPolicy88902FDF",
        "CustomCDKBucketDeployment8693BB64968944B69AAFB0CC9EB8756CServiceRole89A01265",
      ],
      "Properties": Object {
        "Code": Object {
          "S3Bucket": Object {
            "Ref": "AssetParametersc9ac4b3b65f3510a2088b7fd003de23d2aefac424025eb168725ce6769e3c176S3Bucket77147E20",
          },
          "S3Key": Object {
            "Fn::Join": Array [
              "",
              Array [
                Object {
                  "Fn::Select": Array [
                    0,
                    Object {
                      "Fn::Split": Array [
                        "||",
                        Object {
                          "Ref": "AssetParametersc9ac4b3b65f3510a2088b7fd003de23d2aefac424025eb168725ce6769e3c176S3VersionKey4253216F",
                        },
                      ],
                    },
                  ],
                },
                Object {
                  "Fn::Select": Array [
                    1,
                    Object {
                      "Fn::Split": Array [
                        "||",
                        Object {
                          "Ref": "AssetParametersc9ac4b3b65f3510a2088b7fd003de23d2aefac424025eb168725ce6769e3c176S3VersionKey4253216F",
                        },
                      ],
                    },
                  ],
                },
              ],
            ],
          },
        },
        "Handler": "index.handler",
        "Role": Object {
          "Fn::GetAtt": Array [
            "CustomCDKBucketDeployment8693BB64968944B69AAFB0CC9EB8756CServiceRole89A01265",
            "Arn",
          ],
        },
        "Runtime": "python3.6",
        "Timeout": 900,
      },
      "Type": "AWS::Lambda::Function",
    },
    "CustomCDKBucketDeployment8693BB64968944B69AAFB0CC9EB8756CServiceRole89A01265": Object {
      "Properties": Object {
        "AssumeRolePolicyDocument": Object {
          "Statement": Array [
            Object {
              "Action": "sts:AssumeRole",
              "Effect": "Allow",
              "Principal": Object {
                "Service": "lambda.amazonaws.com",
              },
            },
          ],
          "Version": "2012-10-17",
        },
        "ManagedPolicyArns": Array [
          Object {
            "Fn::Join": Array [
              "",
              Array [
                "arn:",
                Object {
                  "Ref": "AWS::Partition",
                },
                ":iam::aws:policy/service-role/AWSLambdaBasicExecutionRole",
              ],
            ],
          },
        ],
      },
      "Type": "AWS::IAM::Role",
    },
    "CustomCDKBucketDeployment8693BB64968944B69AAFB0CC9EB8756CServiceRoleDefaultPolicy88902FDF": Object {
      "Properties": Object {
        "PolicyDocument": Object {
          "Statement": Array [
            Object {
              "Action": Array [
                "s3:GetObject*",
                "s3:GetBucket*",
                "s3:List*",
              ],
              "Effect": "Allow",
              "Resource": Array [
                Object {
                  "Fn::Join": Array [
                    "",
                    Array [
                      "arn:",
                      Object {
                        "Ref": "AWS::Partition",
                      },
                      ":s3:::",
                      Object {
                        "Ref": "AssetParameterse9c249c07577b3ccb56e61f2502f80d4646efd500843843ccee4cad6c7851677S3Bucket7CAFD242",
                      },
                    ],
                  ],
                },
                Object {
                  "Fn::Join": Array [
                    "",
                    Array [
                      "arn:",
                      Object {
                        "Ref": "AWS::Partition",
                      },
                      ":s3:::",
                      Object {
                        "Ref": "AssetParameterse9c249c07577b3ccb56e61f2502f80d4646efd500843843ccee4cad6c7851677S3Bucket7CAFD242",
                      },
                      "/*",
                    ],
                  ],
                },
              ],
            },
            Object {
              "Action": Array [
                "s3:GetObject*",
                "s3:GetBucket*",
                "s3:List*",
                "s3:DeleteObject*",
                "s3:PutObject*",
                "s3:Abort*",
              ],
              "Effect": "Allow",
              "Resource": Array [
                Object {
                  "Fn::GetAtt": Array [
                    "Files8E6940B8",
                    "Arn",
                  ],
                },
                Object {
                  "Fn::Join": Array [
                    "",
                    Array [
                      Object {
                        "Fn::GetAtt": Array [
                          "Files8E6940B8",
                          "Arn",
                        ],
                      },
                      "/*",
                    ],
                  ],
                },
              ],
            },
          ],
          "Version": "2012-10-17",
        },
        "PolicyName": "CustomCDKBucketDeployment8693BB64968944B69AAFB0CC9EB8756CServiceRoleDefaultPolicy88902FDF",
        "Roles": Array [
          Object {
            "Ref": "CustomCDKBucketDeployment8693BB64968944B69AAFB0CC9EB8756CServiceRole89A01265",
          },
        ],
      },
      "Type": "AWS::IAM::Policy",
    },
    "DeploymentCustomResource47E8B2E6": Object {
      "DeletionPolicy": "Delete",
      "Properties": Object {
        "DestinationBucketName": Object {
          "Ref": "Files8E6940B8",
        },
        "Prune": true,
        "ServiceToken": Object {
          "Fn::GetAtt": Array [
            "CustomCDKBucketDeployment8693BB64968944B69AAFB0CC9EB8756C81C01536",
            "Arn",
          ],
        },
        "SourceBucketNames": Array [
          Object {
            "Ref": "AssetParameterse9c249c07577b3ccb56e61f2502f80d4646efd500843843ccee4cad6c7851677S3Bucket7CAFD242",
          },
        ],
        "SourceObjectKeys": Array [
          Object {
            "Fn::Join": Array [
              "",
              Array [
                Object {
                  "Fn::Select": Array [
                    0,
                    Object {
                      "Fn::Split": Array [
                        "||",
                        Object {
                          "Ref": "AssetParameterse9c249c07577b3ccb56e61f2502f80d4646efd500843843ccee4cad6c7851677S3VersionKey57222459",
                        },
                      ],
                    },
                  ],
                },
                Object {
                  "Fn::Select": Array [
                    1,
                    Object {
                      "Fn::Split": Array [
                        "||",
                        Object {
                          "Ref": "AssetParameterse9c249c07577b3ccb56e61f2502f80d4646efd500843843ccee4cad6c7851677S3VersionKey57222459",
                        },
                      ],
                    },
                  ],
                },
              ],
            ],
          },
        ],
      },
      "Type": "Custom::CDKBucketDeployment",
      "UpdateReplacePolicy": "Delete",
    },
    "Files8E6940B8": Object {
      "DeletionPolicy": "Delete",
      "Properties": Object {
        "WebsiteConfiguration": Object {
          "IndexDocument": "index.html",
        },
      },
      "Type": "AWS::S3::Bucket",
      "UpdateReplacePolicy": "Delete",
    },
    "FilesCRdeleteS3ObjectProvider3453883F": Object {
      "DeletionPolicy": "Delete",
      "DependsOn": Array [
        "FilesdeleteS3ObjectProviderframeworkonEventLogRetention56FAF9CE",
        "FilesdeleteS3ObjectProviderframeworkonEvent4884741A",
        "FilesdeleteS3ObjectProviderframeworkonEventServiceRoleDefaultPolicyD0E434D5",
        "FilesdeleteS3ObjectProviderframeworkonEventServiceRole2E4F78AF",
        "FilesonEventHandlerB91EA67D",
        "FilesonEventHandlerServiceRoleDefaultPolicyBBD473D6",
        "FilesonEventHandlerServiceRole8BB80505",
        "FilesPolicyCFAB4773",
        "Files8E6940B8",
      ],
      "Properties": Object {
        "Bucket": Object {
          "Ref": "Files8E6940B8",
        },
        "ServiceToken": Object {
          "Fn::GetAtt": Array [
            "FilesdeleteS3ObjectProviderframeworkonEvent4884741A",
            "Arn",
          ],
        },
      },
      "Type": "Custom::DeleteS3ObjectProvider",
      "UpdateReplacePolicy": "Delete",
    },
    "FilesPolicyCFAB4773": Object {
      "Properties": Object {
        "Bucket": Object {
          "Ref": "Files8E6940B8",
        },
        "PolicyDocument": Object {
          "Statement": Array [
            Object {
              "Action": "s3:GetObject",
              "Effect": "Allow",
              "Principal": "*",
              "Resource": Object {
                "Fn::Join": Array [
                  "",
                  Array [
                    Object {
                      "Fn::GetAtt": Array [
                        "Files8E6940B8",
                        "Arn",
                      ],
                    },
                    "/*",
                  ],
                ],
              },
            },
          ],
          "Version": "2012-10-17",
        },
      },
      "Type": "AWS::S3::BucketPolicy",
    },
    "FilesdeleteS3ObjectProviderframeworkonEvent4884741A": Object {
      "DependsOn": Array [
        "FilesdeleteS3ObjectProviderframeworkonEventServiceRoleDefaultPolicyD0E434D5",
        "FilesdeleteS3ObjectProviderframeworkonEventServiceRole2E4F78AF",
      ],
      "Properties": Object {
        "Code": Object {
          "S3Bucket": Object {
            "Ref": "AssetParametersc691172cdeefa2c91b5a2907f9d81118e47597634943344795f1a844192dd49cS3BucketEAC9DD43",
          },
          "S3Key": Object {
            "Fn::Join": Array [
              "",
              Array [
                Object {
                  "Fn::Select": Array [
                    0,
                    Object {
                      "Fn::Split": Array [
                        "||",
                        Object {
                          "Ref": "AssetParametersc691172cdeefa2c91b5a2907f9d81118e47597634943344795f1a844192dd49cS3VersionKeyDD9AE9E7",
                        },
                      ],
                    },
                  ],
                },
                Object {
                  "Fn::Select": Array [
                    1,
                    Object {
                      "Fn::Split": Array [
                        "||",
                        Object {
                          "Ref": "AssetParametersc691172cdeefa2c91b5a2907f9d81118e47597634943344795f1a844192dd49cS3VersionKeyDD9AE9E7",
                        },
                      ],
                    },
                  ],
                },
              ],
            ],
          },
        },
        "Description": "AWS CDK resource provider framework - onEvent (CloudfrontStack/Files/deleteS3ObjectProvider)",
        "Environment": Object {
          "Variables": Object {
            "USER_ON_EVENT_FUNCTION_ARN": Object {
              "Fn::GetAtt": Array [
                "FilesonEventHandlerB91EA67D",
                "Arn",
              ],
            },
          },
        },
        "Handler": "framework.onEvent",
        "Role": Object {
          "Fn::GetAtt": Array [
            "FilesdeleteS3ObjectProviderframeworkonEventServiceRole2E4F78AF",
            "Arn",
          ],
        },
        "Runtime": "nodejs10.x",
        "Timeout": 900,
      },
      "Type": "AWS::Lambda::Function",
    },
    "FilesdeleteS3ObjectProviderframeworkonEventLogRetention56FAF9CE": Object {
      "Properties": Object {
        "LogGroupName": Object {
          "Fn::Join": Array [
            "",
            Array [
              "/aws/lambda/",
              Object {
                "Ref": "FilesdeleteS3ObjectProviderframeworkonEvent4884741A",
              },
            ],
          ],
        },
        "RetentionInDays": 1,
        "ServiceToken": Object {
          "Fn::GetAtt": Array [
            "LogRetentionaae0aa3c5b4d4f87b02d85b201efdd8aFD4BFC8A",
            "Arn",
          ],
        },
      },
      "Type": "Custom::LogRetention",
    },
    "FilesdeleteS3ObjectProviderframeworkonEventServiceRole2E4F78AF": Object {
      "Properties": Object {
        "AssumeRolePolicyDocument": Object {
          "Statement": Array [
            Object {
              "Action": "sts:AssumeRole",
              "Effect": "Allow",
              "Principal": Object {
                "Service": "lambda.amazonaws.com",
              },
            },
          ],
          "Version": "2012-10-17",
        },
        "ManagedPolicyArns": Array [
          Object {
            "Fn::Join": Array [
              "",
              Array [
                "arn:",
                Object {
                  "Ref": "AWS::Partition",
                },
                ":iam::aws:policy/service-role/AWSLambdaBasicExecutionRole",
              ],
            ],
          },
        ],
      },
      "Type": "AWS::IAM::Role",
    },
    "FilesdeleteS3ObjectProviderframeworkonEventServiceRoleDefaultPolicyD0E434D5": Object {
      "Properties": Object {
        "PolicyDocument": Object {
          "Statement": Array [
            Object {
              "Action": "lambda:InvokeFunction",
              "Effect": "Allow",
              "Resource": Object {
                "Fn::GetAtt": Array [
                  "FilesonEventHandlerB91EA67D",
                  "Arn",
                ],
              },
            },
          ],
          "Version": "2012-10-17",
        },
        "PolicyName": "FilesdeleteS3ObjectProviderframeworkonEventServiceRoleDefaultPolicyD0E434D5",
        "Roles": Array [
          Object {
            "Ref": "FilesdeleteS3ObjectProviderframeworkonEventServiceRole2E4F78AF",
          },
        ],
      },
      "Type": "AWS::IAM::Policy",
    },
    "FilesonEventHandlerB91EA67D": Object {
      "DependsOn": Array [
        "FilesonEventHandlerServiceRoleDefaultPolicyBBD473D6",
        "FilesonEventHandlerServiceRole8BB80505",
      ],
      "Properties": Object {
        "Code": Object {
          "S3Bucket": Object {
            "Ref": "AssetParameters2c69a84ad5ba4f49628de650335c28a39fff0fde765fe59c367947ead17fac13S3Bucket62BDDDBC",
          },
          "S3Key": Object {
            "Fn::Join": Array [
              "",
              Array [
                Object {
                  "Fn::Select": Array [
                    0,
                    Object {
                      "Fn::Split": Array [
                        "||",
                        Object {
                          "Ref": "AssetParameters2c69a84ad5ba4f49628de650335c28a39fff0fde765fe59c367947ead17fac13S3VersionKeyC2148767",
                        },
                      ],
                    },
                  ],
                },
                Object {
                  "Fn::Select": Array [
                    1,
                    Object {
                      "Fn::Split": Array [
                        "||",
                        Object {
                          "Ref": "AssetParameters2c69a84ad5ba4f49628de650335c28a39fff0fde765fe59c367947ead17fac13S3VersionKeyC2148767",
                        },
                      ],
                    },
                  ],
                },
              ],
            ],
          },
        },
        "Handler": "index.on_event",
        "Role": Object {
          "Fn::GetAtt": Array [
            "FilesonEventHandlerServiceRole8BB80505",
            "Arn",
          ],
        },
        "Runtime": "python3.8",
      },
      "Type": "AWS::Lambda::Function",
    },
    "FilesonEventHandlerServiceRole8BB80505": Object {
      "Properties": Object {
        "AssumeRolePolicyDocument": Object {
          "Statement": Array [
            Object {
              "Action": "sts:AssumeRole",
              "Effect": "Allow",
              "Principal": Object {
                "Service": "lambda.amazonaws.com",
              },
            },
          ],
          "Version": "2012-10-17",
        },
        "ManagedPolicyArns": Array [
          Object {
            "Fn::Join": Array [
              "",
              Array [
                "arn:",
                Object {
                  "Ref": "AWS::Partition",
                },
                ":iam::aws:policy/service-role/AWSLambdaBasicExecutionRole",
              ],
            ],
          },
        ],
      },
      "Type": "AWS::IAM::Role",
    },
    "FilesonEventHandlerServiceRoleDefaultPolicyBBD473D6": Object {
      "Properties": Object {
        "PolicyDocument": Object {
          "Statement": Array [
            Object {
              "Action": "s3:DeleteObject*",
              "Effect": "Allow",
              "Resource": Object {
                "Fn::Join": Array [
                  "",
                  Array [
                    Object {
                      "Fn::GetAtt": Array [
                        "Files8E6940B8",
                        "Arn",
                      ],
                    },
                    "/*",
                  ],
                ],
              },
            },
            Object {
              "Action": Array [
                "s3:GetObject*",
                "s3:GetBucket*",
                "s3:List*",
                "s3:DeleteObject*",
                "s3:PutObject*",
                "s3:Abort*",
              ],
              "Effect": "Allow",
              "Resource": Array [
                Object {
                  "Fn::GetAtt": Array [
                    "Files8E6940B8",
                    "Arn",
                  ],
                },
                Object {
                  "Fn::Join": Array [
                    "",
                    Array [
                      Object {
                        "Fn::GetAtt": Array [
                          "Files8E6940B8",
                          "Arn",
                        ],
                      },
                      "/*",
                    ],
                  ],
                },
              ],
            },
          ],
          "Version": "2012-10-17",
        },
        "PolicyName": "FilesonEventHandlerServiceRoleDefaultPolicyBBD473D6",
        "Roles": Array [
          Object {
            "Ref": "FilesonEventHandlerServiceRole8BB80505",
          },
        ],
      },
      "Type": "AWS::IAM::Policy",
    },
    "LambdaFuncArnMyHandlerCBCFD3DA": Object {
      "DependsOn": Array [
        "LambdaFuncArnMyHandlerServiceRoleDefaultPolicy19B19958",
        "LambdaFuncArnMyHandlerServiceRole36BCC7B6",
      ],
      "Properties": Object {
        "Code": Object {
          "S3Bucket": Object {
            "Ref": "AssetParametersf670d054a68af5688e2e03152c9e3e49b0523cf459462779d80b59c1e04b67a6S3Bucket33BAB0E8",
          },
          "S3Key": Object {
            "Fn::Join": Array [
              "",
              Array [
                Object {
                  "Fn::Select": Array [
                    0,
                    Object {
                      "Fn::Split": Array [
                        "||",
                        Object {
                          "Ref": "AssetParametersf670d054a68af5688e2e03152c9e3e49b0523cf459462779d80b59c1e04b67a6S3VersionKey53DA2315",
                        },
                      ],
                    },
                  ],
                },
                Object {
                  "Fn::Select": Array [
                    1,
                    Object {
                      "Fn::Split": Array [
                        "||",
                        Object {
                          "Ref": "AssetParametersf670d054a68af5688e2e03152c9e3e49b0523cf459462779d80b59c1e04b67a6S3VersionKey53DA2315",
                        },
                      ],
                    },
                  ],
                },
              ],
            ],
          },
        },
        "Handler": "index.on_event",
        "Role": Object {
          "Fn::GetAtt": Array [
            "LambdaFuncArnMyHandlerServiceRole36BCC7B6",
            "Arn",
          ],
        },
        "Runtime": "python3.8",
      },
      "Type": "AWS::Lambda::Function",
    },
    "LambdaFuncArnMyHandlerServiceRole36BCC7B6": Object {
      "Properties": Object {
        "AssumeRolePolicyDocument": Object {
          "Statement": Array [
            Object {
              "Action": "sts:AssumeRole",
              "Effect": "Allow",
              "Principal": Object {
                "Service": "lambda.amazonaws.com",
              },
            },
          ],
          "Version": "2012-10-17",
        },
        "ManagedPolicyArns": Array [
          Object {
            "Fn::Join": Array [
              "",
              Array [
                "arn:",
                Object {
                  "Ref": "AWS::Partition",
                },
                ":iam::aws:policy/service-role/AWSLambdaBasicExecutionRole",
              ],
            ],
          },
        ],
      },
      "Type": "AWS::IAM::Role",
    },
    "LambdaFuncArnMyHandlerServiceRoleDefaultPolicy19B19958": Object {
      "Properties": Object {
        "PolicyDocument": Object {
          "Statement": Array [
            Object {
              "Action": "cloudformation:DescribeStacks",
              "Effect": "Allow",
              "Resource": "*",
            },
          ],
          "Version": "2012-10-17",
        },
        "PolicyName": "LambdaFuncArnMyHandlerServiceRoleDefaultPolicy19B19958",
        "Roles": Array [
          Object {
            "Ref": "LambdaFuncArnMyHandlerServiceRole36BCC7B6",
          },
        ],
      },
      "Type": "AWS::IAM::Policy",
    },
    "LambdaFuncArnMyProviderframeworkonEvent1176F898": Object {
      "DependsOn": Array [
        "LambdaFuncArnMyProviderframeworkonEventServiceRoleDefaultPolicy0EB12934",
        "LambdaFuncArnMyProviderframeworkonEventServiceRoleA3CD2495",
      ],
      "Properties": Object {
        "Code": Object {
          "S3Bucket": Object {
            "Ref": "AssetParametersc691172cdeefa2c91b5a2907f9d81118e47597634943344795f1a844192dd49cS3BucketEAC9DD43",
          },
          "S3Key": Object {
            "Fn::Join": Array [
              "",
              Array [
                Object {
                  "Fn::Select": Array [
                    0,
                    Object {
                      "Fn::Split": Array [
                        "||",
                        Object {
                          "Ref": "AssetParametersc691172cdeefa2c91b5a2907f9d81118e47597634943344795f1a844192dd49cS3VersionKeyDD9AE9E7",
                        },
                      ],
                    },
                  ],
                },
                Object {
                  "Fn::Select": Array [
                    1,
                    Object {
                      "Fn::Split": Array [
                        "||",
                        Object {
                          "Ref": "AssetParametersc691172cdeefa2c91b5a2907f9d81118e47597634943344795f1a844192dd49cS3VersionKeyDD9AE9E7",
                        },
                      ],
                    },
                  ],
                },
              ],
            ],
          },
        },
        "Description": "AWS CDK resource provider framework - onEvent (CloudfrontStack/LambdaFuncArn/MyProvider)",
        "Environment": Object {
          "Variables": Object {
            "USER_ON_EVENT_FUNCTION_ARN": Object {
              "Fn::GetAtt": Array [
                "LambdaFuncArnMyHandlerCBCFD3DA",
                "Arn",
              ],
            },
          },
        },
        "Handler": "framework.onEvent",
        "Role": Object {
          "Fn::GetAtt": Array [
            "LambdaFuncArnMyProviderframeworkonEventServiceRoleA3CD2495",
            "Arn",
          ],
        },
        "Runtime": "nodejs10.x",
        "Timeout": 900,
      },
      "Type": "AWS::Lambda::Function",
    },
    "LambdaFuncArnMyProviderframeworkonEventLogRetentionAA828390": Object {
      "Properties": Object {
        "LogGroupName": Object {
          "Fn::Join": Array [
            "",
            Array [
              "/aws/lambda/",
              Object {
                "Ref": "LambdaFuncArnMyProviderframeworkonEvent1176F898",
              },
            ],
          ],
        },
        "RetentionInDays": 1,
        "ServiceToken": Object {
          "Fn::GetAtt": Array [
            "LogRetentionaae0aa3c5b4d4f87b02d85b201efdd8aFD4BFC8A",
            "Arn",
          ],
        },
      },
      "Type": "Custom::LogRetention",
    },
    "LambdaFuncArnMyProviderframeworkonEventServiceRoleA3CD2495": Object {
      "Properties": Object {
        "AssumeRolePolicyDocument": Object {
          "Statement": Array [
            Object {
              "Action": "sts:AssumeRole",
              "Effect": "Allow",
              "Principal": Object {
                "Service": "lambda.amazonaws.com",
              },
            },
          ],
          "Version": "2012-10-17",
        },
        "ManagedPolicyArns": Array [
          Object {
            "Fn::Join": Array [
              "",
              Array [
                "arn:",
                Object {
                  "Ref": "AWS::Partition",
                },
                ":iam::aws:policy/service-role/AWSLambdaBasicExecutionRole",
              ],
            ],
          },
        ],
      },
      "Type": "AWS::IAM::Role",
    },
    "LambdaFuncArnMyProviderframeworkonEventServiceRoleDefaultPolicy0EB12934": Object {
      "Properties": Object {
        "PolicyDocument": Object {
          "Statement": Array [
            Object {
              "Action": "lambda:InvokeFunction",
              "Effect": "Allow",
              "Resource": Object {
                "Fn::GetAtt": Array [
                  "LambdaFuncArnMyHandlerCBCFD3DA",
                  "Arn",
                ],
              },
            },
          ],
          "Version": "2012-10-17",
        },
        "PolicyName": "LambdaFuncArnMyProviderframeworkonEventServiceRoleDefaultPolicy0EB12934",
        "Roles": Array [
          Object {
            "Ref": "LambdaFuncArnMyProviderframeworkonEventServiceRoleA3CD2495",
          },
        ],
      },
      "Type": "AWS::IAM::Policy",
    },
    "LambdaFuncArnStackOutputs8B0E66A7": Object {
      "DeletionPolicy": "Delete",
      "Properties": Object {
        "ServiceToken": Object {
          "Fn::GetAtt": Array [
            "LambdaFuncArnMyProviderframeworkonEvent1176F898",
            "Arn",
          ],
        },
        "randomString": "0wetmj9svk",
        "regionName": Object {
          "Ref": "AWS::Region",
        },
        "stackName": "LambdaEdgeStack",
      },
      "Type": "AWS::CloudFormation::CustomResource",
      "UpdateReplacePolicy": "Delete",
    },
    "LogRetentionaae0aa3c5b4d4f87b02d85b201efdd8aFD4BFC8A": Object {
      "DependsOn": Array [
        "LogRetentionaae0aa3c5b4d4f87b02d85b201efdd8aServiceRoleDefaultPolicyADDA7DEB",
        "LogRetentionaae0aa3c5b4d4f87b02d85b201efdd8aServiceRole9741ECFB",
      ],
      "Properties": Object {
        "Code": Object {
          "S3Bucket": Object {
            "Ref": "AssetParameters67b7823b74bc135986aa72f889d6a8da058d0c4a20cbc2dfc6f78995fdd2fc24S3Bucket4D46ABB5",
          },
          "S3Key": Object {
            "Fn::Join": Array [
              "",
              Array [
                Object {
                  "Fn::Select": Array [
                    0,
                    Object {
                      "Fn::Split": Array [
                        "||",
                        Object {
                          "Ref": "AssetParameters67b7823b74bc135986aa72f889d6a8da058d0c4a20cbc2dfc6f78995fdd2fc24S3VersionKeyB0F28861",
                        },
                      ],
                    },
                  ],
                },
                Object {
                  "Fn::Select": Array [
                    1,
                    Object {
                      "Fn::Split": Array [
                        "||",
                        Object {
                          "Ref": "AssetParameters67b7823b74bc135986aa72f889d6a8da058d0c4a20cbc2dfc6f78995fdd2fc24S3VersionKeyB0F28861",
                        },
                      ],
                    },
                  ],
                },
              ],
            ],
          },
        },
        "Handler": "index.handler",
        "Role": Object {
          "Fn::GetAtt": Array [
            "LogRetentionaae0aa3c5b4d4f87b02d85b201efdd8aServiceRole9741ECFB",
            "Arn",
          ],
        },
        "Runtime": "nodejs10.x",
      },
      "Type": "AWS::Lambda::Function",
    },
    "LogRetentionaae0aa3c5b4d4f87b02d85b201efdd8aServiceRole9741ECFB": Object {
      "Properties": Object {
        "AssumeRolePolicyDocument": Object {
          "Statement": Array [
            Object {
              "Action": "sts:AssumeRole",
              "Effect": "Allow",
              "Principal": Object {
                "Service": "lambda.amazonaws.com",
              },
            },
          ],
          "Version": "2012-10-17",
        },
        "ManagedPolicyArns": Array [
          Object {
            "Fn::Join": Array [
              "",
              Array [
                "arn:",
                Object {
                  "Ref": "AWS::Partition",
                },
                ":iam::aws:policy/service-role/AWSLambdaBasicExecutionRole",
              ],
            ],
          },
        ],
      },
      "Type": "AWS::IAM::Role",
    },
    "LogRetentionaae0aa3c5b4d4f87b02d85b201efdd8aServiceRoleDefaultPolicyADDA7DEB": Object {
      "Properties": Object {
        "PolicyDocument": Object {
          "Statement": Array [
            Object {
              "Action": Array [
                "logs:PutRetentionPolicy",
                "logs:DeleteRetentionPolicy",
              ],
              "Effect": "Allow",
              "Resource": "*",
            },
          ],
          "Version": "2012-10-17",
        },
        "PolicyName": "LogRetentionaae0aa3c5b4d4f87b02d85b201efdd8aServiceRoleDefaultPolicyADDA7DEB",
        "Roles": Array [
          Object {
            "Ref": "LogRetentionaae0aa3c5b4d4f87b02d85b201efdd8aServiceRole9741ECFB",
          },
        ],
      },
      "Type": "AWS::IAM::Policy",
    },
    "OriginRequestPolicy3EFDB4FA": Object {
      "Properties": Object {
        "OriginRequestPolicyConfig": Object {
          "CookiesConfig": Object {
            "CookieBehavior": "none",
          },
          "HeadersConfig": Object {
            "HeaderBehavior": "none",
          },
          "Name": "CloudfrontStackOriginRequestPolicyD6A0D916",
          "QueryStringsConfig": Object {
            "QueryStringBehavior": "all",
          },
        },
      },
      "Type": "AWS::CloudFront::OriginRequestPolicy",
    },
  },
}
`;
